
> frontend@0.0.0 build
> vite build

Terminate batch job (Y/N)? ^C
